[----- MEOW: 127.0.0.1 -----]
Warning: Permanently added '[127.0.0.1]:2222' (ED25519) to the list of known hosts.
===== KERNEL HARDENING (sysctl) =====
kernel.randomize_va_space                  = 2
net.ipv4.tcp_syncookies                    = 1
net.ipv4.conf.all.rp_filter                = 2
net.ipv4.conf.all.accept_redirects         = 1
net.ipv4.ip_forward                        = 0

===== UID 0 ACCOUNTS =====
root

===== PASSWORD POLICY (login.defs) =====
PASS_MAX_DAYS	99999
PASS_MIN_DAYS	0
PASS_WARN_AGE	7

===== FIREWALL TOOLING =====
ufw present
nft present
iptables present

===== LISTENING SERVICES =====
0.0.0.0:1080
0.0.0.0:3128
127.0.0.1:2222
